[cryptohawk.com/index.html]
[backblue.gif]
[fade.gif]
[index.html]
[cryptohawk.com/css/jquery.fullpage.min.css]
[cryptohawk.com/upload/cryptohawk.ico]
[cryptohawk.com/css/style.css]
[cryptohawk.com/css/intlTelInput.css]
[ajax.googleapis.com/ajax/libs/jquery/3.2.1/jquery.min.js]
[cryptohawk.com/js/common.js]
[cryptohawk.com/js/jquery.fullpage.min.js]
[cryptohawk.com/register.html]
[cryptohawk.com/login.html]
[cryptohawk.com/whitepaper]
[cryptohawk.com/index811a.html]
[cryptohawk.com/indexb917.html]
[cryptohawk.com/index9fff.html]
[cryptohawk.com/upload/video.mp4]
[cryptohawk.com/upload/video.webm]
[cryptohawk.com/upload/video.gif]
[cryptohawk.com/coins/ethereum.png]
[cryptohawk.com/coins/bitcoin.png]
[cryptohawk.com/coins/dash.png]
[cryptohawk.com/coins/bcc.png]
[cryptohawk.com/coins/ripple.png]
[cryptohawk.com/coins/litecoin.png]
[cryptohawk.com/coins/stratis.png]
[cryptohawk.com/coins/waves.png]
[cryptohawk.com/coins/monero.png]
[cryptohawk.com/coins/usdt.png]
[cryptohawk.com/coins/zcash.png]
[cryptohawk.com/coins/wire.png]
[cryptohawk.com/images/arne.jpg]
[cryptohawk.com/images/john2.jpg]
[cryptohawk.com/images/emeritus.jpg]
[cryptohawk.com/images/matias.jpg]
[cryptohawk.com/upload/Forbes_logo.png]
[cryptohawk.com/upload/medium_2017_logo.png]
[cryptohawk.com/upload/nbc_news_horizontal.png]
[cryptohawk.com/upload/cbsnews_black-color.png]
[cryptohawk.com/upload/og-fox-news.png]
[cryptohawk.com/upload/huffpost-logo-transparent.png]
[cryptohawk.com/upload/bitcoin.com_.png]
[cryptohawk.com/upload/site-masthead-logo-dark.png]
[cryptohawk.com/upload/logo_abc_news.png]
[cryptohawk.com/impressum.html]
[cryptohawk.com/js/scrolloverflow.min.js]
[js.foxpush.com/cryptohawkcomec92.js]
[cryptohawk.com/js/footer3860.js]
[cryptohawk.com/index.html]
[cryptohawk.com/css/jquery.fullpage.min.css]
[cryptohawk.com/fonts/Loew-Light.otf]
[cryptohawk.com/fonts/Loew-Light.woff2]
[cryptohawk.com/fonts/Loew-Light.woff]
[cryptohawk.com/fonts/Loew-Light.ttf]
[cryptohawk.com/fonts/Loew-Light.svg]
[cryptohawk.com/fonts/Loew-Lightd41d.eot]
[cryptohawk.com/fonts/Loew-Medium.eot]
[cryptohawk.com/fonts/Loew-Medium.woff2]
[cryptohawk.com/fonts/Loew-Medium.woff]
[cryptohawk.com/fonts/Loew-Medium.ttf]
[cryptohawk.com/fonts/Loew-Medium.svg]
[cryptohawk.com/fonts/Loew-Mediumd41d.eot]
[cryptohawk.com/fonts/Loew-Bold.eot]
[cryptohawk.com/fonts/Loew-Bold.woff2]
[cryptohawk.com/fonts/Loew-Bold.woff]
[cryptohawk.com/fonts/Loew-Bold.svg]
[cryptohawk.com/images/logo.png]
[cryptohawk.com/images/logo_top.png]
[cryptohawk.com/images/logo_bottom.png]
[cryptohawk.com/images/bg_lines.jpg]
[cryptohawk.com/images/carusel.png]
[cryptohawk.com/upload/cart_1.jpg]
[cryptohawk.com/upload/bg.jpg]
[cryptohawk.com/upload/map_last_slide.jpg]
[cryptohawk.com/upload/earth-1149733.jpg]
[cryptohawk.com/css/style.css]
[cryptohawk.com/images/flags.png]
[cryptohawk.com/images/flags@2x.png]
[cryptohawk.com/css/intlTelInput.css]
[connect.facebook.net/en_US/fbevents.js]
[cryptohawk.com/index-2.html]
[cryptohawk.com/register811a.html]
[cryptohawk.com/registerb917.html]
[cryptohawk.com/register9fff.html]
[cryptohawk.com/register38a3.html]
[cryptohawk.com/whitepaper]
[cryptohawk.com/register.html]
[cryptohawk.com/js/intlTelInput.min.js]
[cryptohawk.com/whitepaper-german]
[cryptohawk.com/index811a.html]
[cryptohawk.com/whitepaper]
[cryptohawk.com/indexb917.html]
[cryptohawk.com/whitepaper]
[cryptohawk.com/index9fff.html]
[cryptohawk.com/index1d29.html]
[cryptohawk.com/login811a.html]
[cryptohawk.com/index38a3.html]
[cryptohawk.com/loginb917.html]
[cryptohawk.com/login9fff.html]
[cryptohawk.com/login38a3.html]
[cryptohawk.com/whitepaper]
[cryptohawk.com/login.html]
[cryptohawk.com/impressum9fff.html]
[cryptohawk.com/impressum1d29.html]
[cryptohawk.com/impressumb917.html]
[cryptohawk.com/impressum811a.html]
[cryptohawk.com/impressum38a3.html]
[cryptohawk.com/whitepaper]
[cryptohawk.com/impressum.html]
[cryptohawk.com/fonts/Loew-Light.svg]
[cryptohawk.com/fonts/Loew-Medium.svg]
[cryptohawk.com/fonts/Loew-Bold.svg]
[connect.facebook.net/en_US/fbevents.js]
[cryptohawk.com/fonts/Loew-Bold.ttf]
[cryptohawk.com/fonts/Loew-Boldd41d.eot]
[cryptohawk.com/index9fff-2.html]
[cryptohawk.com/index1d29-2.html]
[cryptohawk.com/indexb917-2.html]
[cryptohawk.com/index811a-2.html]
[cryptohawk.com/index38a3-2.html]
[cryptohawk.com/whitepaper]
[cryptohawk.com/index-2.html]
[cryptohawk.com/register1d29.html]
[cryptohawk.com/whitepaper-german]
[cryptohawk.com/register811a.html]
[cryptohawk.com/whitepaper]
[cryptohawk.com/registerb917.html]
[cryptohawk.com/whitepaper]
[cryptohawk.com/register9fff.html]
[cryptohawk.com/whitepaper]
[cryptohawk.com/register38a3.html]
[cryptohawk.com/js/login.js]
[cryptohawk.com/whitepaper]
[cryptohawk.com/index1d29.html]
[cryptohawk.com/whitepaper]
[cryptohawk.com/index38a3.html]
[cryptohawk.com/login1d29.html]
[cryptohawk.com/whitepaper-german]
[cryptohawk.com/login811a.html]
[cryptohawk.com/whitepaper]
[cryptohawk.com/loginb917.html]
[cryptohawk.com/whitepaper]
[cryptohawk.com/login9fff.html]
[cryptohawk.com/whitepaper]
[cryptohawk.com/login38a3.html]
[cryptohawk.com/whitepaper]
[cryptohawk.com/impressum9fff.html]
[cryptohawk.com/whitepaper]
[cryptohawk.com/impressum1d29.html]
[cryptohawk.com/whitepaper]
[cryptohawk.com/impressumb917.html]
[cryptohawk.com/whitepaper-german]
[cryptohawk.com/impressum811a.html]
[cryptohawk.com/whitepaper]
[cryptohawk.com/impressum38a3.html]
[cryptohawk.com/whitepaper]
[cryptohawk.com/index9fff-2.html]
[cryptohawk.com/whitepaper]
[cryptohawk.com/index1d29-2.html]
[cryptohawk.com/whitepaper]
[cryptohawk.com/indexb917-2.html]
[cryptohawk.com/whitepaper-german]
[cryptohawk.com/index811a-2.html]
[cryptohawk.com/whitepaper]
[cryptohawk.com/index38a3-2.html]
[cryptohawk.com/whitepaper]
[cryptohawk.com/register1d29.html]
[cryptohawk.com/whitepaper]
[cryptohawk.com/login1d29.html]
